// Jest Snapshot v1, https://goo.gl/fbAQLP

exports[`Test Component Component should render properly 1`] = `
<div
  class="test-component"
>
  TestComponent Works!
</div>
`;
