// Jest Snapshot v1, https://goo.gl/fbAQLP

exports[`Footer Component should render properly 1`] = `
<div
  class="aresFooter"
>
  <h1>
    Ares
  </h1>
</div>
`;
